<html>
<body>
<pre>
<h1>µVision Build Log</h1>
<h2>Project:</h2>
C:\Keil\EECS 3100ware\Project Templates\Lab2_C\Lab2.uvproj
Project File Date:  08/28/2019

<h2>Output:</h2>
Build target 'Lab2'
compiling main.c...
assembling startup.s...
linking...
Program Size: Code=2756 RO-data=2432 RW-data=56 ZI-data=1752  
".\lab2.axf" - 0 Error(s), 0 Warning(s).
Load "C:\\Keil\\EECS 3100ware\\Project Templates\\Lab2_C\\lab2.axf" 
Connecting: Mode=JTAG, Speed=1000000Hz
Connection failed!, error code=&d
Error: Flash Download failed  -  Target DLL has been cancelled
Load "C:\\Keil\\EECS 3100ware\\Project Templates\\Lab2_C\\lab2.axf" 
Connecting: Mode=JTAG, Speed=1000000Hz
Erase Done.
Programming Done.
Verify OK.
